
> planrepo@0.1.0 build
> node scripts/build.mjs

(!) Your Vite config uses features that are unsupported by `configLoader: 'native'`, which is planned to become the default in a future major version of Vite:
  - JSON import "./config/demo/manifest.json" without import attributes (vite.config.ts:5:22). Add `with { type: 'json' }`
  - import "./src/runtime/config" without a file extension (vite.config.ts:6:35). Add the file extension
  - import "./paths" without a file extension (src/runtime/config.ts:3:36). Add the file extension
Set `VITE_CONFIG_NATIVE_IGNORE_WARNING=true` to suppress this warning.
vite v8.2.2 building client environment for production...
transforming...
✓ 316 modules transformed.
rendering chunks...
computing gzip size...
dist/web/index.html                   0.39 kB │ gzip:   0.26 kB
dist/web/assets/logo-CT4ezL3m.png    10.53 kB
dist/web/assets/index-BFTfWiLX.css   59.84 kB │ gzip:  12.08 kB
dist/web/assets/index-tgZ_yDh2.js   615.12 kB │ gzip: 173.42 kB

[plugin builtin:vite-reporter] 
(!) Some chunks are larger than 500 kB after minification. Consider:
- Using dynamic import() to code-split the application
- Use build.rolldownOptions.output.codeSplitting to improve chunking: https://rolldown.rs/reference/OutputOptions.codeSplitting
- Adjust chunk size limit for this warning via build.chunkSizeWarningLimit.
✓ built in 317ms
npm notice
npm notice New major version of npm available! 10.9.8 -> 12.0.2
npm notice Changelog: https://github.com/npm/cli/releases/tag/v12.0.2
npm notice To update run: npm install -g npm@12.0.2
npm notice
